<?xml version="1.0" encoding="UTF-8"?>
<TestRun id="feb87e40-bd36-4dc4-9e21-d5ca70c07a3a" name="Ludy@LUDIANE 2012-06-12 22:43:50" runUser="Ludiane\Ludy" xmlns="http://microsoft.com/schemas/VisualStudio/TeamTest/2010">
  <TestSettings name="Local" id="bccec7d0-300c-456a-8024-f7ef96043a0e">
    <Description>These are default test settings for a local test run.</Description>
    <Deployment enabled="false" runDeploymentRoot="Ludy_LUDIANE 2012-06-12 22_43_50">
      <DeploymentItem filename="D:\Users\Ludy\Documents\Desktop\Potz\Potz\Potz\bin\Potz.dll" />
      <DeploymentItem filename="C:\Program Files (x86)\NUnit 2.6\bin\framework\nunit.framework.dll" />
      <DeploymentItem filename="D:\Users\Ludy\Documents\Desktop\Potz\Potz\packages\EntityFramework.4.1.10331.0\lib\EntityFramework.dll" />
    </Deployment>
    <Execution>
      <TestTypeSpecific />
      <AgentRule name="Execution Agents">
      </AgentRule>
    </Execution>
  </TestSettings>
  <Times creation="2012-06-12T22:43:50.8274736-03:00" queuing="2012-06-12T22:43:50.8742737-03:00" start="2012-06-12T22:43:50.8898737-03:00" finish="2012-06-12T22:43:51.3266744-03:00" />
  <ResultSummary outcome="Failed">
    <Counters total="4" executed="4" passed="3" error="0" failed="1" timeout="0" aborted="0" inconclusive="0" passedButRunAborted="0" notRunnable="0" notExecuted="0" disconnected="0" warning="0" completed="0" inProgress="0" pending="0" />
  </ResultSummary>
  <TestDefinitions>
    <UnitTest name="verificarPotzValidoTest" storage="d:\users\ludy\documents\desktop\potz\potz\testproject1\bin\debug\testproject1.dll" id="f4976fc6-0a54-4376-64f7-a8b8ebd4c067">
      <Execution id="7061b061-497a-4fbf-8810-b7ca45205ff1" />
      <TestMethod codeBase="D:/Users/Ludy/Documents/Desktop/Potz/Potz/TestProject1/bin/Debug/TestProject1.DLL" adapterTypeName="Microsoft.VisualStudio.TestTools.TestTypes.Unit.UnitTestAdapter, Microsoft.VisualStudio.QualityTools.Tips.UnitTest.Adapter, Version=10.0.0.0, Culture=neutral, PublicKeyToken=b03f5f7f11d50a3a" className="TestProject1.VerificarPotzTest, TestProject1, Version=1.0.0.0, Culture=neutral, PublicKeyToken=null" name="verificarPotzValidoTest" />
    </UnitTest>
    <UnitTest name="verificarPotzValidoNegativo3" storage="d:\users\ludy\documents\desktop\potz\potz\testproject1\bin\debug\testproject1.dll" id="39202402-d48c-9452-492b-55be4237335e">
      <Execution id="183cb2c6-1c95-4c0f-9876-8737ea436e26" />
      <TestMethod codeBase="D:/Users/Ludy/Documents/Desktop/Potz/Potz/TestProject1/bin/Debug/TestProject1.DLL" adapterTypeName="Microsoft.VisualStudio.TestTools.TestTypes.Unit.UnitTestAdapter, Microsoft.VisualStudio.QualityTools.Tips.UnitTest.Adapter, Version=10.0.0.0, Culture=neutral, PublicKeyToken=b03f5f7f11d50a3a" className="TestProject1.VerificarPotzTest, TestProject1, Version=1.0.0.0, Culture=neutral, PublicKeyToken=null" name="verificarPotzValidoNegativo3" />
    </UnitTest>
    <UnitTest name="verificarPotzValidoTest4" storage="d:\users\ludy\documents\desktop\potz\potz\testproject1\bin\debug\testproject1.dll" id="9be91db4-0a3a-235e-27c6-6cd9728f3b9e">
      <Execution id="5d51c2bf-d237-4924-bc89-f31332a81b66" />
      <TestMethod codeBase="D:/Users/Ludy/Documents/Desktop/Potz/Potz/TestProject1/bin/Debug/TestProject1.DLL" adapterTypeName="Microsoft.VisualStudio.TestTools.TestTypes.Unit.UnitTestAdapter, Microsoft.VisualStudio.QualityTools.Tips.UnitTest.Adapter, Version=10.0.0.0, Culture=neutral, PublicKeyToken=b03f5f7f11d50a3a" className="TestProject1.VerificarPotzTest, TestProject1, Version=1.0.0.0, Culture=neutral, PublicKeyToken=null" name="verificarPotzValidoTest4" />
    </UnitTest>
    <UnitTest name="verificarPotzValidoTest2" storage="d:\users\ludy\documents\desktop\potz\potz\testproject1\bin\debug\testproject1.dll" id="833218db-a0a1-9bda-f145-360eb3d86e5d">
      <Execution id="ec978854-9355-47fe-b153-dce723b15ab4" />
      <TestMethod codeBase="D:/Users/Ludy/Documents/Desktop/Potz/Potz/TestProject1/bin/Debug/TestProject1.DLL" adapterTypeName="Microsoft.VisualStudio.TestTools.TestTypes.Unit.UnitTestAdapter, Microsoft.VisualStudio.QualityTools.Tips.UnitTest.Adapter, Version=10.0.0.0, Culture=neutral, PublicKeyToken=b03f5f7f11d50a3a" className="TestProject1.VerificarPotzTest, TestProject1, Version=1.0.0.0, Culture=neutral, PublicKeyToken=null" name="verificarPotzValidoTest2" />
    </UnitTest>
  </TestDefinitions>
  <TestLists>
    <TestList name="Results Not in a List" id="8c84fa94-04c1-424b-9868-57a2d4851a1d" />
    <TestList name="All Loaded Results" id="19431567-8539-422a-85d7-44ee4e166bda" />
  </TestLists>
  <TestEntries>
    <TestEntry testId="39202402-d48c-9452-492b-55be4237335e" executionId="183cb2c6-1c95-4c0f-9876-8737ea436e26" testListId="8c84fa94-04c1-424b-9868-57a2d4851a1d" />
    <TestEntry testId="833218db-a0a1-9bda-f145-360eb3d86e5d" executionId="ec978854-9355-47fe-b153-dce723b15ab4" testListId="8c84fa94-04c1-424b-9868-57a2d4851a1d" />
    <TestEntry testId="9be91db4-0a3a-235e-27c6-6cd9728f3b9e" executionId="5d51c2bf-d237-4924-bc89-f31332a81b66" testListId="8c84fa94-04c1-424b-9868-57a2d4851a1d" />
    <TestEntry testId="f4976fc6-0a54-4376-64f7-a8b8ebd4c067" executionId="7061b061-497a-4fbf-8810-b7ca45205ff1" testListId="8c84fa94-04c1-424b-9868-57a2d4851a1d" />
  </TestEntries>
  <Results>
    <UnitTestResult executionId="183cb2c6-1c95-4c0f-9876-8737ea436e26" testId="39202402-d48c-9452-492b-55be4237335e" testName="verificarPotzValidoNegativo3" computerName="LUDIANE" duration="00:00:00.0176965" startTime="2012-06-12T22:43:50.9210737-03:00" endTime="2012-06-12T22:43:51.2018742-03:00" testType="13cdc9d9-ddb5-4fa4-a97d-d965ccfc6d4b" outcome="Passed" testListId="8c84fa94-04c1-424b-9868-57a2d4851a1d" relativeResultsDirectory="183cb2c6-1c95-4c0f-9876-8737ea436e26">
    </UnitTestResult>
    <UnitTestResult executionId="ec978854-9355-47fe-b153-dce723b15ab4" testId="833218db-a0a1-9bda-f145-360eb3d86e5d" testName="verificarPotzValidoTest2" computerName="LUDIANE" duration="00:00:00.0005893" startTime="2012-06-12T22:43:51.2330743-03:00" endTime="2012-06-12T22:43:51.2330743-03:00" testType="13cdc9d9-ddb5-4fa4-a97d-d965ccfc6d4b" outcome="Passed" testListId="8c84fa94-04c1-424b-9868-57a2d4851a1d" relativeResultsDirectory="ec978854-9355-47fe-b153-dce723b15ab4">
    </UnitTestResult>
    <UnitTestResult executionId="5d51c2bf-d237-4924-bc89-f31332a81b66" testId="9be91db4-0a3a-235e-27c6-6cd9728f3b9e" testName="verificarPotzValidoTest4" computerName="LUDIANE" duration="00:00:00.0002295" startTime="2012-06-12T22:43:51.2486743-03:00" endTime="2012-06-12T22:43:51.2642743-03:00" testType="13cdc9d9-ddb5-4fa4-a97d-d965ccfc6d4b" outcome="Passed" testListId="8c84fa94-04c1-424b-9868-57a2d4851a1d" relativeResultsDirectory="5d51c2bf-d237-4924-bc89-f31332a81b66">
    </UnitTestResult>
    <UnitTestResult executionId="7061b061-497a-4fbf-8810-b7ca45205ff1" testId="f4976fc6-0a54-4376-64f7-a8b8ebd4c067" testName="verificarPotzValidoTest" computerName="LUDIANE" duration="00:00:00.0243798" startTime="2012-06-12T22:43:51.2642743-03:00" endTime="2012-06-12T22:43:51.2954744-03:00" testType="13cdc9d9-ddb5-4fa4-a97d-d965ccfc6d4b" outcome="Failed" testListId="8c84fa94-04c1-424b-9868-57a2d4851a1d" relativeResultsDirectory="7061b061-497a-4fbf-8810-b7ca45205ff1">
      <Output>
        <ErrorInfo>
          <Message>Assert.AreEqual failed. Expected:&lt;-1&gt;. Actual:&lt;1&gt;. </Message>
          <StackTrace>   at TestProject1.VerificarPotzTest.verificarPotzValidoTest() in D:\Users\Ludy\Documents\Desktop\Potz\Potz\TestProject1\VerificarPotzTest.cs:line 62
</StackTrace>
        </ErrorInfo>
      </Output>
    </UnitTestResult>
  </Results>
</TestRun>